ERROR in ./jsx/namespace-name/index.jsx
Module Error (from ../../lib/loaders/background.js):
JSX Namespace is disabled

ERROR in ./jsx/namespace-name/index.jsx
Module build failed (from ../../lib/loaders/background.js):
Error: react-transform failed
    at Object.backgroundLoader (file://<ROOT>/packages/webpack/react-webpack-plugin/src/loaders/background.ts:<LINE:COLUMN>)
