ERROR in × Module build failed:
╰─▶   × Expected identifier.
╷
1  ..foo {}
^
╵
<ROOT>/packages/webpack/css-extract-webpack-plugin/test/diagnostic/error/sass/index.scss <LINE:COLUMN>  root stylesheet

ERROR in ./error/sass/index.scss
× Module build failed:
╰─▶   × Error: Module build failed:
at <ROOT>/node_modules/<PNPM_INNER>/@rspack/core/dist/index.js:<LINE:COLUMN>
