WARNING in ./compat/stop-propagation/index.jsx
Module Warning (from ../../lib/loaders/background.js):
  ! BROKEN: e.stopPropagation() takes no effect and MUST be migrated in ReactLynx 3.0
   ,-[:<LINE:COLUMN>]
 2 | 
 3 | class App extends Component {
 4 |   handleClick(e) {
 5 |     e.stopPropagation()
   :     ^^^^^^^^^^^^^^^^^^^
 6 |   }
 7 |   
 8 |   render() {
   `----
