ERROR in ./jsx/component/index.jsx
Module Error (from ../../lib/loaders/background.js):
<component /> is not supported

ERROR in ./jsx/component/index.jsx
Module build failed (from ../../lib/loaders/background.js):
Error: react-transform failed
    at Object.backgroundLoader (<ROOT>/packages/webpack/react-webpack-plugin/src/loaders/background.ts:<LINE:COLUMN>)
